
====================================================================================================
 ALT RADAR · 2026-10-08 22:14:38 · MEXC · stake $0.10 · read-only
 universe 581 · shown 150 · sort score · dir both
 logs 210 rows / 150 coins · flagged 159 · L 117 / S 40
====================================================================================================
#  DIR  COIN                   PRICE    24H%     VOL24   LEAN  EARLY  SCORE  FLAGS
----------------------------------------------------------------------------------------------------
1  ▲    OGN                  0.05008   28.9%     $9.7M   0.76   0.54   28.2  
2  ▼    BNB                    735.6    0.4%    $16.5M  -0.37   0.38   27.0  WATCH
3  ▼    1000BTT            0.0003613    0.8%     $3.2M  -0.47   0.49   27.0  WATCH
4  ▲    SI                    0.0271   30.2%     $1.5M   0.58   0.03   26.1  veto:late_move WATCH
5  ▲    BATON               0.011694   43.7%     $3.2M   0.19   0.56   25.4  WATCH
6  ▼    AKE                  0.02699   -7.0%     $5.8M  -0.48   0.42   25.2  WATCH
7  ▼    NEAR                   4.544   -1.8%   $294.6M  -0.46   0.52   23.2  WATCH
8  •    USELESS               0.1907    0.3%     $3.5M   0.05   0.31   20.8  WATCH
9  ▼    BLESS               0.007476   -1.4%     $872K  -0.45   0.28   20.6  
10 ▲    ACE                    0.179   -0.0%     $2.3M   0.81   0.01   20.3  
11 ▲    HNT                   0.5063    5.4%     $793K   0.58   0.15   19.7  
12 ▲    VELVET               0.07523    6.8%     $776K   0.38   0.36   19.5  WATCH
13 •    INJ                    6.794    2.6%    $30.0M   0.15   0.12   19.1  WATCH
14 ▲    SAGA                  0.0217    1.0%     $751K   0.36   0.32   19.1  
15 ▲    MARSCOIN             0.09026    2.1%     $785K   0.43   0.48   19.0  WATCH
----------------------------------------------------------------------------------------------------
 TRADE PLAN · OGN LONG (review only)
  Direction      ▲ LONG
  Entry          0.05002992 – 0.05013008   (limit, inside spread)
  Stop loss      0.04855   (below structure)
  TP1            0.05314   (2R)  → cover 50%
  TP2            0.05773   (5R)  → cover 30%, trail rest
  Leverage       16x   (operator band 20-50x)
  Position size  0.0654641 notional → ~0.0040915 margin
  Max loss       0.002
  Costs          taker 0.05%×2 + funding   (total 6.54641e-05)
  Break-even     +0.100%  (signed by direction)
  R:R            2.00 : 1
  Funding        funding ~0
  ── warnings ──
  ⚠ leverage 16x is BELOW your 20x floor — safe value at this stake; under-scaled, not inflated
